mysql服务 设置远程用户访问
[root@iZ2850357ruZ ~]# mysql
ERROR 1045 (28000): Access denied for user 'root'@'localhost' (using password: NO)
[root@iZ2850357ruZ ~]# mysql -p
Enter password: 
Welcome to the MySQL monitor.  Commands end with ; or \g.
Your MySQL connection id is 21
Server version: 5.6.34 MySQL Community Server (GPL)

Copyright (c) 2000, 2016, Oracle and/or its affiliates. All rights reserved.

Oracle is a registered trademark of Oracle Corporation and/or its
affiliates. Other names may be trademarks of their respective
owners.

Type 'help;' or '\h' for help. Type '\c' to clear the current input statement.

mysql> grant all privileges on *.* 'root'@'39.109.124.113' identified by 'asd1453nmdmysql' with grant option;
ERROR 1064 (42000): You have an error in your SQL syntax; check the manual that corresponds to your MySQL server version for the right syntax to use near ''root'@'39.109.124.113' identified by 'asd1453nmdmysql' with grant option' at line 1
mysql> grant all privileges on *.* 'root'@'39.109.124.113'identified by'asd1453nmdmysql'with grant option;
ERROR 1064 (42000): You have an error in your SQL syntax; check the manual that corresponds to your MySQL server version for the right syntax to use near ''root'@'39.109.124.113'identified by'asd1453nmdmysql'with grant option' at line 1
mysql> grant all privileges on *.* to 'root'@'39.109.124.113' IDENTIFIED BY 'asd1453nmdmysql';
Query OK, 0 rows affected (0.16 sec)

mysql> FlUSH PRIVILEGES;
Query OK, 0 rows affected (0.04 sec)

mysql> show databases;
+--------------------+
| Database           |
+--------------------+
| information_schema |
| firstdb            |
| mysql              |
| performance_schema |
+--------------------+
4 rows in set (0.07 sec)

mysql> 


最后记得重启mysql服务 service mysqld restart；




