怎样快速查看我的mysql服务器服务状态
[root@iZ2850357ruZ ~]# service mysqld restart
Redirecting to /bin/systemctl restart  mysqld.service
[root@iZ2850357ruZ ~]# mysql -p
Enter password: 
Welcome to the MySQL monitor.  Commands end with ; or \g.
Your MySQL connection id is 2
Server version: 5.6.34 MySQL Community Server (GPL)

Copyright (c) 2000, 2016, Oracle and/or its affiliates. All rights reserved.

Oracle is a registered trademark of Oracle Corporation and/or its
affiliates. Other names may be trademarks of their respective
owners.

Type 'help;' or '\h' for help. Type '\c' to clear the current input statement.

mysql> help；
    -> select current_user();
ERROR 1064 (42000): You have an error in your SQL syntax; check the manual that corresponds to your MySQL server version for the right syntax to use near 'help；

select current_user()' at line 1
mysql> quit;
Bye
[root@iZ2850357ruZ ~]# mysql -p
Enter password: 
Welcome to the MySQL monitor.  Commands end with ; or \g.
Your MySQL connection id is 3
Server version: 5.6.34 MySQL Community Server (GPL)

Copyright (c) 2000, 2016, Oracle and/or its affiliates. All rights reserved.

Oracle is a registered trademark of Oracle Corporation and/or its
affiliates. Other names may be trademarks of their respective
owners.

Type 'help;' or '\h' for help. Type '\c' to clear the current input statement.

mysql> status;
--------------
mysql  Ver 14.14 Distrib 5.6.34, for Linux (x86_64) using  EditLine wrapper

Connection id:		3
Current database:	
Current user:		root@localhost
SSL:			Not in use
Current pager:		stdout
Using outfile:		''
Using delimiter:	;
Server version:		5.6.34 MySQL Community Server (GPL)
Protocol version:	10
Connection:		Localhost via UNIX socket
Server characterset:	latin1
Db     characterset:	latin1
Client characterset:	utf8
Conn.  characterset:	utf8
UNIX socket:		/var/lib/mysql/mysql.sock
Uptime:			1 min 25 sec

Threads: 1  Questions: 10  Slow queries: 0  Opens: 67  Flush tables: 1  Open tables: 60  Queries per second avg: 0.117
--------------

mysql> 



查看mysql 服务工作的端口号

show global variables like 'port';  

查看mysql 版本号

select version();  

查看当前操作mysql用户


select current_user();





---------------------------


mysql> select current_user();
+----------------+
| current_user() |
+----------------+
| root@localhost |
+----------------+
1 row in set (0.00 sec)

mysql> select version(); 
+-----------+
| version() |
+-----------+
| 5.7.13    |
+-----------+
1 row in set (0.00 sec)

mysql> show global variables like 'port';  
+---------------+-------+
| Variable_name | Value |
+---------------+-------+
| port          | 3306  |
+---------------+-------+
1 row in set (0.00 sec)

mysql> status;
--------------
mysql  Ver 14.14 Distrib 5.7.13, for osx10.11 (x86_64) using  EditLine wrapper

Connection id:		214
Current database:	
Current user:		root@localhost
SSL:			Not in use
Current pager:		stdout
Using outfile:		''
Using delimiter:	;
Server version:		5.7.13 MySQL Community Server (GPL)
Protocol version:	10
Connection:		Localhost via UNIX socket
Server characterset:	latin1
Db     characterset:	latin1
Client characterset:	utf8
Conn.  characterset:	utf8
UNIX socket:		/tmp/mysql.sock
Uptime:			26 min 1 sec

Threads: 1  Questions: 245  Slow queries: 0  Opens: 203  Flush tables: 1  Open tables: 196  Queries per second avg: 0.156
--------------

mysql> 











